GTMod: Preload-Phase started!
GTMod: Getting required Items of other Mods.
GTMod: Setting Configs
GTMod: Adding Scrap with a Weight of 200.0F to the Scrapbox Drops.
GTMod: Register Ore processing.
GTMod: Register OreDict Entries of Non-GT-Items.
GTMod: Loading Item Data Tags
GTMod: Register Books.
GTMod: Added Book to Book List  -  Mapping: 'Manual_Printer'  -  Name: 'Printer Manual V2.0'  -  Author: 'Gregorius Techneticies'
GTMod: Added Book to Book List  -  Mapping: 'Manual_Punch_Cards'  -  Name: 'Punch Card Manual V0.0'  -  Author: 'Gregorius Techneticies'
GTMod: Added Book to Book List  -  Mapping: 'Manual_Microwave'  -  Name: 'Microwave Oven Manual'  -  Author: 'Kitchen Industries'
GTMod: Register Items.
GTMod: Adding Blocks.
GTMod: Register TileEntities.
GTMod: Registering the BaseMetaTileEntity.
GTMod: Registering the DroneRender.
GTMod: Registering the LaserRender.
GTMod: Registering the WormholeRender.
GTMod: Registering the BlackholeRender.
GTMod: Registering the NanoForgeRender.
GTMod: Registering the BaseMetaPipeEntity.
GTMod: Registering the Ore TileEntity.
GTMod: Registering Fluids.
GTMod: Hiding certain Items from NEI.
GTMod: Registering MetaTileEntities.
GTMod: Register Redstone Circuit behaviours.
GTMod: Preload-Phase finished!
GTMod: Re-Unificating Recipes.
